
==============================================================================
LOAD
==============================================================================
PHI batting R rows 268,103 · subject rows 9,401 · seasons [np.int64(2023), np.int64(2024), np.int64(2025), np.int64(2026)]

==============================================================================
CONVENTION ASSERTIONS — the build refuses to publish if any fail
==============================================================================
check                                                                                                                                    claim                                                     statistic   value       rule status  hard
 C1-R                                          intercept_side_in = lateral distance from the batter; an INSIDE pitch is met CLOSER to the body                corr(intercept_side_in, inside-ness) | stand=R -0.9527  r < -0.60   PASS  True
 C1-L                                          intercept_side_in = lateral distance from the batter; an INSIDE pitch is met CLOSER to the body                corr(intercept_side_in, inside-ness) | stand=L -0.8872  r < -0.60   PASS  True
   C2                                               intercept_depth_in = depth in front of the batter; a SLOWER pitch is met FURTHER out front                       corr(intercept_depth_in, release_speed) -0.5566  r < -0.35   PASS  True
   C3                                      no vertical intercept component ships; neither axis tracks pitch height the way a height axis would                            |corr(intercept_side_in, plate_z)|  0.0898 |r| < 0.30   PASS  True
   C4       attack_direction is PULL-NEGATIVE / OPPO-POSITIVE in this data plane (O-15 — the INVERSE of the published MLB glossary convention) corr(attack_direction, pull-side spray) on hard-hit air balls -0.7901  r < -0.50   PASS  True
   C5 attack_direction is stand-normalised: the sign means the same thing for LHH and RHH (so it is an inverted convention, not a field frame)                                  sign of corr for R and for L -0.8159   both < 0   PASS  True
  C6a                                                                        attack_angle and attack_direction share ONE tracking gate exactly                                  rows where notna() disagrees  0.0000       == 0   PASS  True
  C6b                      swing_path_tilt gate agrees with attack_angle to within 0.2% (O-18: the disagreements are bunts and checked swings)       share of swings where swing_path_tilt notna() disagrees  0.0001    < 0.002   PASS  True
  C6c                    intercept_side_in gate agrees with attack_angle to within 0.2% (O-18: the disagreements are bunts and checked swings)     share of swings where intercept_side_in notna() disagrees  0.0012    < 0.002   PASS  True
  C6d                            O-18: every swing_path_tilt gate disagreement is a bunt or a checked swing under 25 mph, never a normal swing                                   all disagreements explained  1.0000       == 1   PASS  True
   C7           O-17: hyper_speed == max(launch_speed, 88); it is NOT independent information and must never be reported as a separate measure                         share of rows satisfying the identity  1.0000    > 0.999   PASS  True
   C8                                                                   attack_angle (bat) predicts launch_angle (ball) on well-struck contact              corr(attack_angle, launch_angle) on hard-hit BIP  0.4279   r > 0.25   PASS  True
  wrote bp_convention_assertions.csv  (12, 7)

==============================================================================
SENSOR COVERAGE — where the bat-path columns actually exist
==============================================================================
  wrote bp_coverage.csv  (24, 8)
 season      population  swings  bunts_excluded  degenerate_under_25mph  bat_speed_tracked  path_tracked  path_coverage
   2015 all PHI batters   10982             128                       0                  0             0         0.0000
   2015     Trea Turner       0               0                       0                  0             0            NaN
   2016 all PHI batters   11235             150                       0                  0             0         0.0000
   2016     Trea Turner       0               0                       0                  0             0            NaN
   2017 all PHI batters   11468              96                       0                  0             0         0.0000
   2017     Trea Turner       0               0                       0                  0             0            NaN
   2018 all PHI batters   11344              98                       0                  0             0         0.0000
   2018     Trea Turner       0               0                       0                  0             0            NaN
   2019 all PHI batters   11758              73                       0                  0             0         0.0000
   2019     Trea Turner       0               0                       0                  0             0            NaN
   2020 all PHI batters    4034              28                       0                  0             0         0.0000
   2020     Trea Turner       0               0                       0                  0             0            NaN
   2021 all PHI batters   11413             120                       0                  0             0         0.0000
   2021     Trea Turner       0               0                       0                  0             0            NaN
   2022 all PHI batters   11554              45                       0                  0             0         0.0000
   2022     Trea Turner       0               0                       0                  0             0            NaN
   2023 all PHI batters   11803              61                       0                  0             0         0.0000
   2023     Trea Turner    1421               0                       0                  0             0         0.0000
   2024 all PHI batters   11628              55                      23              10793             0         0.0000
   2024     Trea Turner    1098               0                       0               1001             0         0.0000
   2025 all PHI batters   11707              31                      39              11424         11424         0.9758
   2025     Trea Turner    1238               0                       1               1177          1177         0.9507
   2026 all PHI batters    9993              32                      30               9733          9733         0.9740
   2026     Trea Turner    1148               0                       3               1103          1103         0.9608

==============================================================================
BP-1 · SUBJECT SWING PATH BY SEASON
==============================================================================
  wrote bp_subject_by_season.csv  (4, 17)
 game_year  swings  tracked_swings  tracking_coverage  attack_angle  attack_direction  pull_direction  swing_path_tilt  intercept_side_in  intercept_depth_in  bat_speed  swing_length  ideal_aa_rate
      2023    1421               0              0.000          <NA>              <NA>            <NA>             <NA>               <NA>                <NA>       <NA>          <NA>            NaN
      2024    1098               0              0.000          <NA>              <NA>            <NA>             <NA>               <NA>                <NA>       <NA>          <NA>            NaN
      2025    1238            1176              0.950         7.551            -1.336           1.336           27.859              37.83              28.459     69.517         7.478          0.577
      2026    1148            1100              0.958         8.281            -2.766           2.766           25.508             39.176              29.165     70.178          7.53          0.617

==============================================================================
BP-2 · SUBJECT SWING PATH BY SEASON x PITCH GROUP  (the DPO grain)
==============================================================================
  wrote bp_subject_by_pitch_group.csv  (12, 21)
 game_year pitch_group  tracked_swings  attack_angle  attack_direction  pull_direction  swing_path_tilt  intercept_side_in  intercept_depth_in  bat_speed  swing_length  ideal_aa_rate  bip  popups  pu_rate
      2023    breaking               0          <NA>              <NA>            <NA>             <NA>               <NA>                <NA>       <NA>          <NA>            NaN  151       6    0.040
      2023    fastball               0          <NA>              <NA>            <NA>             <NA>               <NA>                <NA>       <NA>          <NA>            NaN  276      18    0.065
      2023    offspeed               0          <NA>              <NA>            <NA>             <NA>               <NA>                <NA>       <NA>          <NA>            NaN   63       3    0.048
      2024    breaking               0          <NA>              <NA>            <NA>             <NA>               <NA>                <NA>       <NA>          <NA>            NaN  125       9    0.072
      2024    fastball               0          <NA>              <NA>            <NA>             <NA>               <NA>                <NA>       <NA>          <NA>            NaN  242      10    0.041
      2024    offspeed               0          <NA>              <NA>            <NA>             <NA>               <NA>                <NA>       <NA>          <NA>            NaN   39       2    0.051
      2025    breaking             409        10.679           -12.326          12.326           28.087             39.311              35.364     68.632         7.842          0.638  155       6    0.039
      2025    fastball             612         4.528             8.992          -8.992           27.299             36.763               22.18     69.801         7.116          0.511  257      12    0.047
      2025    offspeed             153        11.282            -13.37           13.37           29.447             38.193              35.204     70.723         7.963          0.673   71       3    0.042
      2026    breaking             390        11.297           -13.889          13.889           25.586             41.012              36.056     69.684         7.904          0.695  149      18    0.121
      2026    fastball             583         5.553             7.061          -7.061           25.024             38.124              23.239     70.262         7.185          0.545  236      10    0.042
      2026    offspeed             127        11.541           -13.724          13.724           27.494             38.368              35.205      71.31         7.969          0.709   43       2    0.047

==============================================================================
BP-2 · 2026 WINDOWS x PITCH GROUP (does the path move with the slump?)
==============================================================================
  wrote bp_subject_by_window_pitch_group.csv  (9, 21)
                  window pitch_group  tracked_swings  attack_angle  attack_direction  pull_direction  swing_path_tilt  intercept_side_in  intercept_depth_in  bat_speed  swing_length  ideal_aa_rate  bip  popups  pu_rate  below_swing_floor
W1_early (Mar 26-Jun 30)    breaking             236        11.539           -14.369          14.369           25.555             41.358              36.604     69.309         7.922          0.699   83       7    0.084              False
W1_early (Mar 26-Jun 30)    fastball             380         6.083             5.792          -5.792            25.21             38.013              23.998     70.358         7.233          0.579  157       5    0.032              False
W1_early (Mar 26-Jun 30)    offspeed              82         12.29            -14.68           14.68            27.83             38.898              35.924     71.402         8.054          0.707   23       1    0.043              False
      W2_july (Jul 1-31)    breaking              65           9.9            -9.649           9.649           25.317             40.481              33.088     70.509         7.809          0.646   22       1    0.045              False
      W2_july (Jul 1-31)    fastball             101         4.075             9.586          -9.586           25.074             38.558              21.551     71.006         7.156          0.455   37       1    0.027              False
      W2_july (Jul 1-31)    offspeed              28         9.258            -9.563           9.563             27.2             37.642              32.674     71.057         7.779          0.679   14       1    0.071              False
 W3_recent (Aug 1-Sep 2)    breaking              89        11.675           -15.712          15.712           25.865             40.483               36.77     70.074         7.924          0.719   44      10    0.227              False
 W3_recent (Aug 1-Sep 2)    fastball             102         5.041             9.292          -9.292            24.28             38.108               22.08     69.166         7.032          0.510   42       4    0.095              False
 W3_recent (Aug 1-Sep 2)    offspeed              17          <NA>              <NA>            <NA>             <NA>               <NA>                <NA>       <NA>          <NA>            NaN    6       0    0.000               True

==============================================================================
PU-1 · POPUP SIGNATURE — bat path on popups vs every other BIP
==============================================================================
  wrote bp_popup_signature_season.csv  (4, 15)
 game_year  is_popup   n  attack_angle  attack_direction  pull_direction  swing_path_tilt  intercept_side_in  intercept_depth_in  bat_speed  swing_length  launch_angle  launch_speed  plate_z  below_floor
      2025     False 417          6.29               0.2            -0.2            28.15              37.35               27.76      71.12          7.43          7.24         88.82     2.37        False
      2025      True  21          10.2             -8.06            8.06             26.5              35.53               32.32      69.22          7.58         66.24         79.55     2.65        False
      2026     False 374          6.89              1.44           -1.44            25.23              39.52               27.01      71.53          7.44          6.68          88.6     2.34        False
      2026      True  26         10.73             -6.24            6.24            23.42              37.23               31.71       71.2          7.47         66.35         77.55     2.65        False
  wrote bp_popup_signature_pitch_group.csv  (12, 16)

BREAKING BALLS ONLY:
 game_year  is_popup   n  attack_angle  attack_direction  pull_direction  swing_path_tilt  intercept_side_in  intercept_depth_in  bat_speed  swing_length  launch_angle  launch_speed  plate_z  below_floor
      2025     False 137          7.08             -5.62            5.62             27.8              38.17               31.52      70.51          7.58          5.77         86.08     2.25        False
      2025      True   6          8.82            -10.57           10.57            27.93              33.42               34.68      65.62          7.55          60.5          70.4     2.44         True
      2026     False 122          8.65              -3.9             3.9            24.81              40.35               30.35       70.5          7.57          7.99         86.23     2.26        False
      2026      True  15          9.16             -3.95            3.95            23.44              37.34               31.25      70.03          7.38         65.87         73.25     2.51        False

==============================================================================
PU-2 · POPUP RATE BY SEASON x PITCH GROUP
==============================================================================
  wrote bp_popup_rate_by_pitch_group.csv  (12, 5)
 game_year pitch_group  bip  popups  pu_rate
      2023    breaking  151       6    0.040
      2023    fastball  276      18    0.065
      2023    offspeed   63       3    0.048
      2024    breaking  125       9    0.072
      2024    fastball  242      10    0.041
      2024    offspeed   39       2    0.051
      2025    breaking  155       6    0.039
      2025    fastball  257      12    0.047
      2025    offspeed   71       3    0.042
      2026    breaking  149      18    0.121
      2026    fastball  236      10    0.042
      2026    offspeed   43       2    0.047
  wrote bp_v1_reconciliation.csv  (2, 6)

RECONCILIATION with v1.0.0 battedball_profile.pu_rate:
 game_year  bip  popups  pu_rate  v1_pu_rate  delta
      2025  484      21 0.043388    0.043388    0.0
      2026  428      30 0.070093    0.070093    0.0

==============================================================================
PB-1 · PEER-NETTED YoY DELTAS — the O-16 control
==============================================================================
  wrote bp_peer_cohort.csv  (56, 7)
  wrote bp_peer_delta.csv  (7, 9)
            metric  subject_in_cohort  cohort_n  subject_2025  subject_2026  subject_delta  peer_median_delta  peer_netted_delta  subject_rank_most_negative
   swing_path_tilt               True         8        27.859        25.508         -2.351             -1.149             -1.202                           1
      attack_angle               True         8         7.551         8.281          0.730              0.517              0.213                           7
  attack_direction               True         8        -1.336        -2.766         -1.431             -1.096             -0.334                           4
 intercept_side_in               True         8        37.830        39.176          1.346              0.176              1.170                           8
intercept_depth_in               True         8        28.459        29.165          0.706              0.705              0.001                           5
         bat_speed               True         8        69.517        70.178          0.661              0.170              0.490                           7
      swing_length               True         8         7.478         7.530          0.052              0.009              0.043                           7

==============================================================================
SUBJECT vs THE PHILLIES POPULATION, 2026 (>=200 tracked swings)
==============================================================================
  wrote bp_population_percentiles.csv  (9, 7)
            metric  turner_2026  pool_median  pool_min  pool_max  pctile  pool_n
      attack_angle        8.281        9.066     2.557    14.711  27.273      11
  attack_direction       -2.766        0.476    -8.624    12.495   9.091      11
    pull_direction        2.766       -0.476   -12.495     8.624  81.818      11
   swing_path_tilt       25.508       30.825    25.508    37.288   0.000      11
 intercept_side_in       39.176       37.582    33.160    41.831  72.727      11
intercept_depth_in       29.165       30.378    20.355    34.736  36.364      11
         bat_speed       70.178       70.178    61.465    74.575  45.455      11
      swing_length        7.530        7.275     5.728     8.098  72.727      11
     ideal_aa_rate        0.617        0.530     0.369     0.650  81.818      11

==============================================================================
BREAKING-BALL POPUP RATE — subject vs Phillies qualifiers, both seasons
==============================================================================
  wrote bp_breaking_popup_pool.csv  (107, 5)
  wrote bp_breaking_popup_headline.csv  (2, 9)
 season  qualifiers  pool_median  pool_max  subject_bip  subject_popups  subject_rate  subject_rank  subject_minus_median
   2025          12       0.0382    0.1226          155               6        0.0387             6                0.0005
   2026          10       0.0748    0.1208          149              18        0.1208             1                0.0460

==============================================================================
ST-1 · UNCERTAINTY BANDS ON THE PATH SHIFTS (inherited from v1.0.0)
==============================================================================
  wrote bp_shift_tests.csv  (20, 11)
                    baseline            measure  n_baseline  n_compare  baseline_value  compare_value  delta    se       z  abs_z                 band
      2025 (same instrument)       attack_angle        1176       1100           7.551          8.281  0.730 0.359   2.033  2.033           suggestive
      2025 (same instrument)   attack_direction        1176       1100          -1.336         -2.766 -1.431 0.921  -1.554  1.554           suggestive
      2025 (same instrument)    swing_path_tilt        1176       1100          27.859         25.508 -2.351 0.189 -12.408 12.408 clearly beyond noise
      2025 (same instrument)  intercept_side_in        1174       1100          37.830         39.176  1.346 0.297   4.527  4.527 clearly beyond noise
      2025 (same instrument) intercept_depth_in        1174       1100          28.459         29.165  0.706 0.534   1.323  1.323         within noise
      2025 (same instrument)          bat_speed        1176       1100          69.517         70.178  0.661 0.289   2.289  2.289           suggestive
      2025 (same instrument)       swing_length        1176       1100           7.478          7.530  0.052 0.033   1.573  1.573           suggestive
    2025 breaking balls only       attack_angle         409        390          10.679         11.297  0.618 0.576   1.073  1.073         within noise
    2025 breaking balls only   attack_direction         409        390         -12.326        -13.889 -1.562 1.451  -1.077  1.077         within noise
    2025 breaking balls only    swing_path_tilt         409        390          28.087         25.586 -2.501 0.305  -8.210  8.210 clearly beyond noise
    2025 breaking balls only  intercept_side_in         408        390          39.311         41.012  1.701 0.513   3.318  3.318 clearly beyond noise
    2025 breaking balls only intercept_depth_in         408        390          35.364         36.056  0.692 0.873   0.793  0.793         within noise
    2025 breaking balls only          bat_speed         409        390          68.632         69.684  1.052 0.526   1.999  1.999           suggestive
2026 breaking: non-popup BIP       attack_angle         122         15           8.646          9.157  0.511 2.015   0.254  0.254         within noise
2026 breaking: non-popup BIP   attack_direction         122         15          -3.897         -3.951 -0.054 2.897  -0.019  0.019         within noise
2026 breaking: non-popup BIP    swing_path_tilt         122         15          24.810         23.440 -1.370 0.953  -1.438  1.438         within noise
2026 breaking: non-popup BIP  intercept_side_in         122         15          40.347         37.344 -3.003 1.552  -1.934  1.934           suggestive
2026 breaking: non-popup BIP intercept_depth_in         122         15          30.347         31.254  0.908 1.841   0.493  0.493         within noise
2026 breaking: non-popup BIP          bat_speed         122         15          70.501         70.033 -0.467 1.581  -0.296  0.296         within noise
2026 breaking: non-popup BIP       swing_length         122         15           7.569          7.380 -0.189 0.162  -1.164  1.164         within noise

==============================================================================
DQ — bat-path addendum
==============================================================================
  wrote bp_dq_scorecard.csv  (13, 5)
                                             rule                                                                                                    measure observed    expected status
A-1 sensor boundary: path columns absent pre-2025                                                                   subject non-null attack_angle in 2023-24        0           0   PASS
   A-2 sensor boundary: bat_speed absent pre-2024                                                                         subject non-null bat_speed in 2023        0           0   PASS
                           A-3 path coverage 2026                                                                                           tracked / swings   0.9608       >0.95   PASS
              A-4 coverage stability 2025 vs 2026                                                                                 abs difference in coverage   0.0101       <0.02   PASS
                          A-5 O-18 bunts excluded                                                          bunt swings removed from the 2026 path population        0 report only   WARN
                       A-6 O-18 degenerate swings                                                                           2026 tracked swings under 25 mph        3 report only   WARN
                         A-7 conventions asserted                                                                                   assertion checks passing    12/12       12/12   PASS
                        A-8 v1.0.0 reconciliation                                                                                    max |PU-2 - v1 pu_rate|      0.0       <1e-9   PASS
                    A-9 O-16 peer control applied                                                                 metrics with a peer-netted delta published        7           7   PASS
                   A-10 O-17 hyper_speed excluded                                                                 hyper_speed used as an independent measure        0           0   PASS
                                 A-11 swing floor below-floor cells in a bat-path season (2025+); pre-2025 cells are the sensor boundary, not a floor breach        1           0   WARN
                      A-11b sensor-boundary cells                                                         pre-2025 pitch-group cells NULL by sensor boundary        6  expected 6   PASS
                      A-12 pitch_group provenance                                                                  map identical to the DPO repo PITCH_GROUP verbatim    verbatim   PASS

==============================================================================
FIGURES
==============================================================================
  fig1 popup rate
  fig2 peer-netted deltas
  fig3 popup swing
  fig4 path by pitch group

  wrote bp_headlines.json

==============================================================================
ADDENDUM BUILD COMPLETE
==============================================================================
