
==============================================================================
LOAD
==============================================================================
career R rows      : 23,899   seasons 2015-2026
2026 R rows        : 2,276  games 135  2026-03-26 .. 2026-09-02
postseason excluded: 1,139 rows (['D', 'F', 'L', 'W'])
coord assertion OK : RHB pulled-GB median loc_x = -46.87 (< 0 = LF side)
xwOBA grain        : 601 non-null pitch rows vs 601 on PA rows -> PER-PA CONFIRMED

==============================================================================
Q4 · CAREER BY SEASON — what "good" looked like
==============================================================================
  wrote career_by_season.csv  (12, 24)
 game_year era               src  plate_apps  at_bats  hits  doubles  triples  hrs  xbh  walks  strikeouts     ba    obp    slg    ops    iso   woba   xwoba  babip  krate  bbrate  hr_600  below_floor
      2015 WSN opponents_parquet          44       40     9        1        0    1    2      4          12 0.2250 0.2955 0.3250 0.6205 0.1000 0.2781  0.3431 0.2963 0.2727  0.0909 13.6364         True
      2016 WSN opponents_parquet         324      307   105       14        8   13   35     14          59 0.3420 0.3704 0.5668 0.9371 0.2248 0.3950  0.4134 0.3882 0.1821  0.0432 24.0741        False
      2017 WSN opponents_parquet         447      412   117       24        6   11   41     30          80 0.2840 0.3378 0.4515 0.7893 0.1675 0.3378  0.3489 0.3292 0.1790  0.0671 14.7651        False
      2018 WSN opponents_parquet         738      665   180       27        6   19   52     66         132 0.2707 0.3410 0.4150 0.7561 0.1444 0.3309  0.3517 0.3132 0.1789  0.0894 15.4472        False
      2019 WSN opponents_parquet         567      521   155       37        5   19   61     41         113 0.2975 0.3510 0.4971 0.8481 0.1996 0.3558  0.3765 0.3478 0.1993  0.0723 20.1058        False
      2020 WSN opponents_parquet         259      233    78       15        4   12   31     22          36 0.3348 0.3938 0.5880 0.9818 0.2532 0.4127  0.3942 0.3529 0.1390  0.0849 27.7992        False
      2021 WSN opponents_parquet         644      595   195       34        3   28   65     39         110 0.3277 0.3727 0.5361 0.9088 0.2084 0.3862  0.3942 0.3623 0.1708  0.0606 26.0870        False
      2022 LAD opponents_parquet         707      652   194       39        4   21   64     44         131 0.2975 0.3418 0.4663 0.8081 0.1687 0.3496  0.3737 0.3419 0.1853  0.0622 17.8218        False
      2023 PHI  phillies_parquet         689      639   170       35        5   26   66     43         150 0.2660 0.3179 0.4585 0.7764 0.1925 0.3332  0.3828 0.3103 0.2177  0.0624 22.6415        False
      2024 PHI  phillies_parquet         541      507   149       25        0   21   46     27          98 0.2939 0.3364 0.4675 0.8039 0.1736 0.3478  0.3215 0.3290 0.1811  0.0499 23.2902        False
      2025 PHI  phillies_parquet         641      592   179       31        7   15   53     42         107 0.3024 0.3526 0.4544 0.8070 0.1520 0.3498  0.3253 0.3475 0.1669  0.0655 14.0406        False
      2026 PHI  phillies_parquet         602      556   133       23        1   17   41     39         131 0.2392 0.2924 0.3759 0.6683 0.1367 0.2942  0.2922 0.2822 0.2176  0.0648 16.9435        False
  wrote career_contact.csv  (12, 23)
 game_year  bips  tracked_bips  mean_ev  mean_la  hard_hit_rate  hard_hit_rate_tracked_only  barrel_rate  gb_rate  fb_rate  ld_rate  pu_rate  xwobacon_bip
      2015    28            28     <NA>     <NA>          0.250                       0.250        0.036    0.500    0.179    0.286    0.036          <NA>
      2016   250           229   89.854   11.782          0.364                       0.397        0.068    0.440    0.200    0.296    0.064         0.413
      2017   333           330   89.088    7.048          0.390                       0.394        0.054    0.523    0.210    0.213    0.054         0.349
      2018   534           525   88.608    9.091          0.388                       0.394        0.058    0.496    0.204    0.242    0.058         0.352
      2019   410           410   90.313    9.702          0.420                       0.420        0.068    0.476    0.215    0.237    0.073         0.377
      2020   199           196   90.507    9.536          0.407                       0.413        0.095    0.447    0.231    0.266    0.055         0.394
      2021   489           487   89.576   11.372          0.462                       0.464        0.074    0.456    0.235    0.245    0.063         0.394
      2022   527           524   88.922   10.355          0.416                       0.418        0.076    0.435    0.262    0.247    0.057         0.374
      2023   490           490   89.861   13.018          0.422                       0.422        0.084    0.402    0.306    0.237    0.055         0.383
      2024   408           407   89.138   11.528          0.407                       0.408        0.069    0.471    0.265    0.213    0.051         0.369
      2025   484           484   89.346    9.112          0.421                       0.421        0.058    0.483    0.231    0.242    0.043         0.361
      2026   428           428   88.127   10.836          0.393                       0.393        0.063    0.465    0.262    0.203    0.070         0.341
  wrote career_approach.csv  (12, 18)
 game_year  pitches  swing_rate  whiff_rate  chase_rate  swing_rate_in_zone  whiff_rate_in_zone  in_zone_rate  in_zone_rate_fix  zone_null_rate   srfp
      2015      171      0.3977      0.2059      0.1944              0.5455              0.1667        0.5789            0.5789          0.0000 0.2045
      2016     1232      0.4740      0.2363      0.3179              0.6353              0.1377        0.4919            0.4919          0.0000 0.2253
      2017     1694      0.4410      0.2249      0.2189              0.6520              0.1613        0.5118            0.5112          0.0012 0.2589
      2018     2927      0.4404      0.2025      0.2318              0.6480              0.1389        0.5019            0.5014          0.0010 0.2642
      2019     2234      0.4687      0.2340      0.2917              0.6741              0.1248        0.4628            0.4628          0.0000 0.2694
      2020     1033      0.4685      0.1963      0.2722              0.6746              0.1353        0.4879            0.4879          0.0000 0.2692
      2021     2487      0.4918      0.2298      0.2643              0.7238              0.1538        0.4950            0.4950          0.0000 0.3452
      2022     2720      0.5121      0.2627      0.3313              0.7239              0.1555        0.4607            0.4607          0.0000 0.3540
      2023     2675      0.5312      0.2956      0.3529              0.7416              0.1780        0.4587            0.4587          0.0000 0.3882
      2024     2043      0.5374      0.2614      0.3394              0.7477              0.1417        0.4851            0.4851          0.0000 0.3900
      2025     2407      0.5143      0.2480      0.3106              0.7283              0.1392        0.4877            0.4877          0.0000 0.3822
      2026     2276      0.5044      0.2744      0.3428              0.6879              0.1508        0.4719            0.4710          0.0018 0.3284
  wrote career_pull_air.csv  (12, 7)
 game_year  total_bips  hc_tracked  total_pulls  pull_airs  pull_air_rate  pull_rate
      2015          28          28           13          5          0.179      0.464
      2016         250         247          105         43          0.172      0.420
      2017         333         330          146         51          0.153      0.438
      2018         534         511          231         90          0.169      0.433
      2019         410         409          192         69          0.168      0.468
      2020         199         199           73         26          0.131      0.367
      2021         489         488          210         86          0.176      0.429
      2022         527         527          264        114          0.216      0.501
      2023         490         490          226         94          0.192      0.461
      2024         408         408          206         81          0.199      0.505
      2025         484         484          215         83          0.171      0.444
      2026         428         428          172         68          0.159      0.402
  wrote career_bat_tracking.csv  (12, 10)
 game_year  swings  tracked_swings  bat_speed_mu  bat_speed_p90  swing_length_mu  attack_angle_mu  fast_swings  tracking_coverage  fast_swing_rate
      2015      68               0          <NA>           <NA>             <NA>             <NA>            0              0.000              NaN
      2016     584               0          <NA>           <NA>             <NA>             <NA>            0              0.000              NaN
      2017     747               0          <NA>           <NA>             <NA>             <NA>            0              0.000              NaN
      2018    1289               0          <NA>           <NA>             <NA>             <NA>            0              0.000              NaN
      2019    1047               0          <NA>           <NA>             <NA>             <NA>            0              0.000              NaN
      2020     484               0          <NA>           <NA>             <NA>             <NA>            0              0.000              NaN
      2021    1223               0          <NA>           <NA>             <NA>             <NA>            0              0.000              NaN
      2022    1393               0          <NA>           <NA>             <NA>             <NA>            0              0.000              NaN
      2023    1421               0          <NA>           <NA>             <NA>             <NA>            0              0.000              NaN
      2024    1098            1001        70.028         76.106            7.518             <NA>          155              0.912            0.155
      2025    1238            1177        69.475          76.14            7.476            7.556          193              0.951            0.164
      2026    1148            1103        70.038           76.4            7.523            8.229          200              0.961            0.181

==============================================================================
Q1 · 2026 BY WINDOW — what is going on recently
==============================================================================
  wrote window_split.csv  (3, 68)
                  window  plate_apps    ba   obp   slg   ops   iso  woba  babip  krate  bbrate  hrs  mean_ev  mean_la  hard_hit_rate  barrel_rate  pu_rate  xwobacon_bip  swing_rate  chase_rate  whiff_rate  swing_rate_in_zone  whiff_rate_in_zone  in_zone_rate  srfp  pull_air_rate  bat_speed_mu  fast_swing_rate
W1_early (Mar 26-Jun 30)         371 0.237 0.286 0.358 0.644 0.121 0.285  0.287  0.226   0.059    9   88.896   10.452          0.399        0.057    0.049         0.342       0.517       0.358       0.272               0.696               0.150         0.470 0.342          0.148        70.061            0.176
      W2_july (Jul 1-31)         102 0.287 0.333 0.564 0.897 0.277 0.381  0.303  0.216   0.059    7   88.471    7.521          0.466        0.110    0.041         0.399       0.501       0.311       0.274               0.690               0.176         0.501 0.275          0.219        70.847            0.232
 W3_recent (Aug 1-Sep 2)         129 0.207 0.279 0.276 0.555 0.069 0.251  0.253  0.194   0.085    1   85.657   14.565          0.315        0.043    0.152         0.294       0.470       0.322       0.281               0.660               0.129         0.453 0.331          0.141        69.213            0.152

==============================================================================
Q1 · 2026 BY MONTH
==============================================================================
  wrote monthly_master.csv  (7, 68)
 month  plate_apps    ba   obp   slg   ops  woba  krate  bbrate  mean_ev  hard_hit_rate  barrel_rate  pu_rate  bat_speed_mu  fast_swing_rate  below_floor
     3          23 0.182 0.217 0.227 0.445 0.201  0.217   0.043     <NA>          0.294        0.059    0.059          71.4            0.250         True
     4         116 0.267 0.336 0.419 0.755 0.334  0.198   0.095   90.061          0.390        0.049    0.049        69.917            0.159        False
     5         117 0.189 0.222 0.306 0.529 0.232  0.239   0.043   89.975          0.440        0.071    0.012         69.98            0.184        False
     6         115 0.269 0.313 0.380 0.693 0.307  0.243   0.043   86.699          0.388        0.050    0.088        70.008            0.168        False
     7         102 0.287 0.333 0.564 0.897 0.381  0.216   0.059   88.471          0.466        0.110    0.041        70.847            0.232        False
     8         120 0.215 0.292 0.280 0.572 0.259  0.183   0.092   85.292          0.291        0.035    0.151        69.247            0.150        False
     9           9 0.111 0.111 0.222 0.333 0.140  0.333   0.000     <NA>          0.667        0.167    0.167          <NA>              NaN         True

==============================================================================
Q2 · PHI-ERA REFERENCE (2023-2025 combined) vs 2026 windows
==============================================================================
  wrote phi_reference_2023_2025.csv  (1, 68)
 plate_apps    ba   obp  slg   ops   iso  woba  babip  krate  bbrate  hrs  mean_ev  mean_la  hard_hit_rate  barrel_rate  pu_rate  xwobacon_bip  swing_rate  chase_rate  whiff_rate  swing_rate_in_zone  whiff_rate_in_zone  in_zone_rate  srfp  pull_air_rate  bat_speed_mu  fast_swing_rate
       1871 0.287 0.335 0.46 0.795 0.173 0.346  0.329   0.19    0.06   62   89.467    11.21          0.418         0.07     0.05         0.371       0.527       0.335        0.27               0.739               0.154         0.476 0.387          0.187        69.729             0.16

==============================================================================
RC-5 · BREAKPOINT SENSITIVITY SCAN (the window was DPO-chosen)
==============================================================================
  wrote breakpoint_scan.csv  (10, 19)
breakpoint  pre_pa  post_pa  pre_ops  post_ops  d_ops  pre_woba  post_woba  d_woba  below_floor
2026-06-01     256      346    0.622     0.703  0.080     0.275      0.308   0.033        False
2026-06-15     309      293    0.598     0.743  0.144     0.266      0.324   0.058        False
2026-07-01     371      231    0.644     0.708  0.064     0.285      0.309   0.023        False
2026-07-08     398      204    0.651     0.703  0.052     0.288      0.307   0.019        False
2026-07-16     415      187    0.639     0.734  0.094     0.283      0.319   0.036        False
2026-07-21     433      169    0.691     0.609 -0.082     0.303      0.271  -0.033        False
2026-08-01     473      129    0.698     0.555 -0.143     0.306      0.251  -0.055        False
2026-08-08     505       97    0.696     0.521 -0.175     0.305      0.238  -0.067        False
2026-08-15     529       73    0.695     0.472 -0.222     0.305      0.217  -0.087        False
2026-08-22     552       50    0.692     0.411 -0.280     0.304      0.192  -0.112        False

==============================================================================
RF-1 · season-to-date trajectory (PHI era)  ·  RF-2 · rolling form
==============================================================================
  wrote running_line.csv  (2473, 7)
 game_year  cum_pa  cum_ba  cum_obp  cum_slg  cum_woba
      2023     689   0.266    0.318    0.459     0.333
      2024     541   0.294    0.336    0.467     0.348
      2025     641   0.302    0.353    0.454     0.350
      2026     602   0.239    0.292    0.376     0.294
  wrote rolling_form.csv  (503, 8)
RF-2 n=503  min_woba=0.204 @PA233  max_woba=0.421 @PA435  last=0.238

==============================================================================
Q8 · PITCH GROUP x WINDOW (2026)
==============================================================================
  wrote pitch_group_window.csv  (10, 70)
                  window pitch_group  pitches  usage  plate_apps    ba   slg  woba  krate  whiff_rate  chase_rate  swing_rate_in_zone  hard_hit_rate  xwobacon_bip  below_floor
W1_early (Mar 26-Jun 30)    breaking      486  0.346         124 0.185 0.286 0.223  0.290       0.371       0.339               0.728          0.265         0.302        False
W1_early (Mar 26-Jun 30)    fastball      746  0.531         210 0.279 0.437 0.343  0.162       0.188       0.367               0.679          0.497         0.365        False
W1_early (Mar 26-Jun 30)    offspeed      174  0.124          37 0.189 0.189 0.168  0.378       0.390       0.379               0.700          0.217          <NA>         True
      W2_july (Jul 1-31)    breaking      152  0.387          34 0.281 0.531 0.367  0.294       0.343       0.289               0.623          0.273          <NA>         True
      W2_july (Jul 1-31)    fastball      194  0.494          50 0.295 0.568 0.393  0.160       0.208       0.247               0.734          0.595         0.437        False
      W2_july (Jul 1-31)    offspeed       47  0.120          18 0.278 0.611 0.376  0.222       0.345       0.571               0.684          0.429          <NA>         True
 W3_recent (Aug 1-Sep 2)    breaking      192  0.403          59 0.200 0.273 0.239  0.186       0.354       0.360               0.744          0.250         0.284        False
 W3_recent (Aug 1-Sep 2)    fastball      248  0.520          59 0.173 0.231 0.226  0.186       0.213       0.291               0.587          0.405         0.311        False
 W3_recent (Aug 1-Sep 2)    offspeed       33  0.069          10 0.444 0.556 0.466  0.300       0.294       0.300               0.846          0.167          <NA>         True
 W3_recent (Aug 1-Sep 2)       other        4  0.008           1   NaN   NaN   NaN  0.000         NaN         NaN                 NaN            NaN          <NA>         True

==============================================================================
Q8 · PITCH GROUP x SEASON (PHI era)
==============================================================================
  wrote pitch_group_season.csv  (15, 70)
 game_year pitch_group  pitches  usage  plate_apps    ba   slg  woba  whiff_rate  chase_rate  below_floor
      2023    breaking      925  0.346         242 0.265 0.457 0.332       0.424       0.362        False
      2023    fastball     1412  0.528         355 0.274 0.476 0.341       0.194       0.332        False
      2023    offspeed      338  0.126          92 0.238 0.393 0.305       0.403       0.390        False
      2024    breaking      746  0.365         180 0.269 0.392 0.305       0.360       0.360        False
      2024    fastball     1029  0.504         303 0.314 0.536 0.385       0.164       0.296        False
      2024    offspeed      264  0.129          56 0.278 0.370 0.295       0.395       0.402        False
      2024       other        4  0.002           2 0.000 0.000 0.000       0.000       0.000         True
      2025    breaking      850  0.353         219 0.249 0.420 0.307       0.347       0.345        False
      2025    fastball     1239  0.515         333 0.348 0.497 0.390       0.178       0.271        False
      2025    offspeed      315  0.131          88 0.262 0.345 0.283       0.272       0.328        False
      2025       other        3  0.001           1 1.000 4.000 2.037       0.000       1.000         True
      2026    breaking      830  0.365         217 0.204 0.320 0.250       0.363       0.335        False
      2026    fastball     1188  0.522         319 0.262 0.420 0.329       0.195       0.331        False
      2026    offspeed      254  0.112          65 0.250 0.359 0.272       0.367       0.401        False
      2026       other        4  0.002           1   NaN   NaN   NaN         NaN         NaN         True

==============================================================================
Q8 · PITCH TYPE x 2026 (season, >=25 pitches)
==============================================================================
  wrote pitch_type_2026.csv  (9, 69)
pitch_type  pitches  usage  plate_apps    ba   slg  woba  whiff_rate  chase_rate  hard_hit_rate  below_floor
        FF      617  0.271         150 0.290 0.458 0.366       0.221       0.315          0.520        False
        SI      385  0.169         124 0.252 0.435 0.312       0.118       0.351          0.556        False
        SL      376  0.165          99 0.174 0.315 0.243       0.359       0.350          0.246        False
        ST      256  0.112          62 0.153 0.203 0.182       0.407       0.360          0.139        False
        CH      194  0.085          49 0.250 0.375 0.280       0.333       0.391          0.324         True
        FC      186  0.082          45 0.200 0.250 0.252       0.289       0.344          0.200         True
        CU      138  0.061          41 0.268 0.439 0.303       0.292       0.270          0.400         True
        FS       54  0.024          15 0.267 0.333 0.262       0.469       0.472          0.125         True
        KC       46  0.020          10 0.444 0.556 0.463       0.417       0.321          0.333         True

==============================================================================
Q8 · PLATOON x SEASON (career)
==============================================================================
  wrote platoon_season.csv  (24, 69)
 game_year p_throws  plate_apps    ba   obp   slg   ops  woba  krate  whiff_rate  chase_rate  hard_hit_rate  below_floor
      2015        L           9 0.375 0.444 0.375 0.819 0.370  0.111       0.125       0.235          0.000         True
      2015        R          35 0.188 0.257 0.312 0.570 0.254  0.314       0.231       0.182          0.333         True
      2016        L          65 0.317 0.338 0.413 0.751 0.325  0.200       0.223       0.311          0.400        False
      2016        R         259 0.348 0.378 0.607 0.985 0.413  0.178       0.240       0.320          0.355        False
      2017        L         103 0.245 0.311 0.319 0.630 0.281  0.165       0.268       0.227          0.325        False
      2017        R         344 0.296 0.346 0.491 0.836 0.355  0.183       0.212       0.216          0.410        False
      2018        L         187 0.287 0.364 0.425 0.789 0.345  0.112       0.153       0.215          0.356        False
      2018        R         551 0.265 0.333 0.412 0.745 0.326  0.201       0.218       0.238          0.399        False
      2019        L         126 0.316 0.357 0.444 0.802 0.341  0.183       0.225       0.297          0.421        False
      2019        R         441 0.292 0.349 0.512 0.862 0.360  0.204       0.237       0.290          0.419        False
      2020        L          64 0.375 0.453 0.732 1.185 0.489  0.125       0.161       0.282          0.292        False
      2020        R         195 0.322 0.374 0.542 0.917 0.388  0.144       0.208       0.269          0.444        False
      2021        L         166 0.392 0.434 0.712 1.146 0.477  0.114       0.183       0.228          0.533        False
      2021        R         478 0.305 0.351 0.475 0.827 0.355  0.190       0.243       0.275          0.435        False
      2022        L         182 0.298 0.341 0.542 0.882 0.376  0.209       0.277       0.345          0.439        False
      2022        R         525 0.298 0.342 0.440 0.782 0.340  0.177       0.257       0.326          0.408        False
      2023        L         205 0.229 0.288 0.426 0.713 0.307  0.200       0.312       0.334          0.365        False
      2023        R         484 0.282 0.331 0.472 0.803 0.345  0.225       0.289       0.361          0.447        False
      2024        L         169 0.301 0.361 0.523 0.884 0.379  0.172       0.240       0.315          0.427        False
      2024        R         372 0.291 0.325 0.444 0.769 0.334  0.185       0.272       0.352          0.398        False
      2025        L         204 0.323 0.373 0.460 0.833 0.362  0.157       0.207       0.317          0.420        False
      2025        R         437 0.293 0.343 0.452 0.795 0.344  0.172       0.268       0.308          0.422        False
      2026        L         197 0.223 0.310 0.320 0.630 0.285  0.162       0.221       0.295          0.413        False
      2026        R         405 0.247 0.284 0.402 0.686 0.299  0.244       0.301       0.369          0.382        False

==============================================================================
Q8 · PLATOON x WINDOW (2026)
==============================================================================
  wrote platoon_window.csv  (6, 69)
                  window p_throws  plate_apps    ba   obp   slg   ops  woba  krate  whiff_rate  chase_rate  hard_hit_rate  mean_ev  below_floor
W1_early (Mar 26-Jun 30)        L         126 0.196 0.286 0.268 0.554 0.257  0.190       0.254       0.284          0.364   88.695        False
W1_early (Mar 26-Jun 30)        R         245 0.256 0.286 0.402 0.687 0.300  0.245       0.281       0.403          0.417   88.997        False
      W2_july (Jul 1-31)        L          32 0.300 0.344 0.533 0.877 0.379  0.125       0.132       0.323          0.577   90.827         True
      W2_july (Jul 1-31)        R          70 0.281 0.329 0.578 0.907 0.382  0.257       0.364       0.306          0.404   87.168        False
 W3_recent (Aug 1-Sep 2)        L          39 0.242 0.359 0.303 0.662 0.299  0.103       0.206       0.310          0.414   89.559         True
 W3_recent (Aug 1-Sep 2)        R          90 0.193 0.244 0.265 0.510 0.230  0.233       0.314       0.328          0.270    83.86        False

==============================================================================
PL-1 · PLATOON EXPOSURE + COUNTERFACTUAL
==============================================================================
  wrote platoon_exposure_window.csv  (6, 4)
  wrote platoon_exposure_season.csv  (24, 4)
                  window p_throws  pa  share
W1_early (Mar 26-Jun 30)        L 126  0.340
W1_early (Mar 26-Jun 30)        R 245  0.660
      W2_july (Jul 1-31)        L  32  0.314
      W2_july (Jul 1-31)        R  70  0.686
 W3_recent (Aug 1-Sep 2)        L  39  0.302
 W3_recent (Aug 1-Sep 2)        R  90  0.698
 game_year p_throws  pa  share
      2023        L 205  0.298
      2023        R 484  0.702
      2024        L 169  0.312
      2024        R 372  0.688
      2025        L 204  0.318
      2025        R 437  0.682
      2026        L 197  0.327
      2026        R 405  0.673
  wrote platoon_counterfactual.csv  (12, 8)
              from_label                to_label metric  actual  reweighted_to_reference  mix_effect
W1_early (Mar 26-Jun 30) W3_recent (Aug 1-Sep 2)     ba  0.2078                   0.2096     -0.0019
W1_early (Mar 26-Jun 30) W3_recent (Aug 1-Sep 2)    obp  0.2791                   0.2833     -0.0043
W1_early (Mar 26-Jun 30) W3_recent (Aug 1-Sep 2)    slg  0.2765                   0.2780     -0.0014
W1_early (Mar 26-Jun 30) W3_recent (Aug 1-Sep 2)   woba  0.2511                   0.2536     -0.0026
      W2_july (Jul 1-31) W3_recent (Aug 1-Sep 2)     ba  0.2078                   0.2083     -0.0006
      W2_july (Jul 1-31) W3_recent (Aug 1-Sep 2)    obp  0.2791                   0.2804     -0.0013
      W2_july (Jul 1-31) W3_recent (Aug 1-Sep 2)    slg  0.2765                   0.2770     -0.0004
      W2_july (Jul 1-31) W3_recent (Aug 1-Sep 2)   woba  0.2511                   0.2519     -0.0008
W1_early (Mar 26-Jun 30)      W2_july (Jul 1-31)     ba  0.2871                   0.2876     -0.0005
W1_early (Mar 26-Jun 30)      W2_july (Jul 1-31)    obp  0.3333                   0.3337     -0.0004
W1_early (Mar 26-Jun 30)      W2_july (Jul 1-31)    slg  0.5641                   0.5629      0.0012
W1_early (Mar 26-Jun 30)      W2_july (Jul 1-31)   woba  0.3814                   0.3813      0.0001

==============================================================================
COUNT STATE x WINDOW (2026)
==============================================================================
  wrote count_state_window.csv  (9, 69)
                  window    count_state  pitches  plate_apps    ba   slg  woba  krate  swing_rate  whiff_rate  below_floor
W1_early (Mar 26-Jun 30)          ahead      298          59 0.426 0.617 0.502  0.000       0.490       0.274        False
W1_early (Mar 26-Jun 30) even_or_behind      682         113 0.277 0.509 0.339  0.000       0.468       0.292        False
W1_early (Mar 26-Jun 30)     two_strike      426         199 0.166 0.203 0.191  0.422       0.615       0.248        False
      W2_july (Jul 1-31)          ahead       87          22 0.400 0.950 0.578  0.000       0.517       0.289         True
      W2_july (Jul 1-31) even_or_behind      190          32 0.500 0.969 0.625  0.000       0.400       0.276         True
      W2_july (Jul 1-31)     two_strike      116          48 0.071 0.071 0.129  0.458       0.655       0.263         True
 W3_recent (Aug 1-Sep 2)          ahead      120          28 0.250 0.300 0.334  0.000       0.433       0.173         True
 W3_recent (Aug 1-Sep 2) even_or_behind      240          36 0.171 0.200 0.179  0.000       0.417       0.350         True
 W3_recent (Aug 1-Sep 2)     two_strike      117          65 0.213 0.311 0.256  0.385       0.615       0.264        False

==============================================================================
Q2 · POPULATION POOL — Phillies hitter-seasons 2015-2026, >=50 PA
==============================================================================
  wrote population_pool.csv  (220, 37)
pool: 220 hitter-seasons, 100 players, 2015-2026
  wrote profile_percentiles.csv  (16, 6)
            metric  turner_2026_season  pctile_season  turner_2026_W3_recent  pctile_W3_as_a_season  pool_median
               ops               0.668         35.455                  0.555                 11.818        0.711
              woba               0.294         38.182                  0.251                 12.727        0.309
               slg               0.376         39.091                  0.276                 10.455        0.402
               obp               0.292         35.000                  0.279                 25.000        0.307
                ba               0.239         43.182                  0.207                 20.455        0.246
               iso               0.137         42.727                  0.069                 10.455        0.150
             krate               0.218         39.091                  0.194                 25.909        0.235
            bbrate               0.065         45.000                  0.085                 65.909        0.068
        whiff_rate               0.274         60.455                  0.281                 64.091        0.258
        chase_rate               0.343         73.636                  0.322                 62.273        0.302
swing_rate_in_zone               0.688         54.545                  0.660                 38.636        0.680
     hard_hit_rate               0.393         60.455                  0.315                 34.091        0.364
       barrel_rate               0.063         53.182                  0.043                 35.000        0.061
           mean_ev              88.127         49.074                 85.657                 24.537       88.141
           pu_rate               0.070         52.273                  0.152                 97.727        0.067
     pull_air_rate               0.159         37.273                  0.141                 27.273        0.182

==============================================================================
PARENT REPRODUCTION — uc-pos-006 / dp_uc24 published figures
==============================================================================
  wrote parent_reproduction.csv  (84, 8)
parent-reproduction: 84/84 figures reproduce EXACTLY on the parent's own definitions and window (<= 2026-07-20)
Empty DataFrame
Columns: [season, metric, parent_published, legacy_recomputed, repro_delta]
Index: []

Definitional drift, parent get_stats -> current nresults_unrounded (2026 only):
    metric  legacy_recomputed  current_definition  definition_delta
plate_apps           433.0000            433.0000               0.0
        ba             0.2463              0.2463               0.0
       obp             0.2956              0.2956               0.0
       slg             0.3955              0.3955               0.0
       ops             0.6911              0.6911               0.0
      woba             0.3034              0.3034               0.0
     krate             0.2240              0.2240               0.0

Parent's July claim as it stood on 2026-07-20:
 month  plate_apps    ba   obp   slg  ops  woba
     7          62 0.304 0.355 0.625 0.98 0.412

==============================================================================
AD-1 · APPROACH DIFFERENTIAL — in-zone swing minus chase
==============================================================================
  wrote approach_differential_season.csv  (12, 7)
 game_year  swing_rate_in_zone  chase_rate  approach_differential  plate_apps  below_floor  rank_low_to_high
      2015              0.5455      0.1944                 0.3510          44         True               NaN
      2016              0.6353      0.3179                 0.3174         324        False               1.0
      2017              0.6520      0.2189                 0.4332         447        False              10.0
      2018              0.6480      0.2318                 0.4162         738        False               8.0
      2019              0.6741      0.2917                 0.3824         567        False               3.0
      2020              0.6746      0.2722                 0.4024         259        False               6.0
      2021              0.7238      0.2643                 0.4595         644        False              11.0
      2022              0.7239      0.3313                 0.3926         707        False               5.0
      2023              0.7416      0.3529                 0.3887         689        False               4.0
      2024              0.7477      0.3394                 0.4084         541        False               7.0
      2025              0.7283      0.3106                 0.4177         641        False               9.0
      2026              0.6879      0.3428                 0.3451         602        False               2.0
  wrote approach_differential_window.csv  (3, 5)
                  window  swing_rate_in_zone  chase_rate  plate_apps  approach_differential
W1_early (Mar 26-Jun 30)              0.6959      0.3584         371                 0.3375
      W2_july (Jul 1-31)              0.6904      0.3112         102                 0.3791
 W3_recent (Aug 1-Sep 2)              0.6604      0.3218         129                 0.3385

==============================================================================
ST-1 · WINDOW-SHIFT UNCERTAINTY (NEW-PROVISIONAL)
==============================================================================
  wrote shift_tests_july_vs_recent.csv  (12, 12)
                   baseline                             measure kind  n_baseline  n_recent  baseline_value  recent  delta    se      z  abs_z                 band
           W2_july (102 PA)     bat speed (mph, tracked swings) mean         194       210          70.847  69.213 -1.634 0.741 -2.206  2.206           suggestive
           W2_july (102 PA)    exit velocity (mph, tracked BIP) mean          73        92          88.471  85.657 -2.815 2.464 -1.142  1.142         within noise
           W2_july (102 PA)     launch angle (deg, tracked BIP) mean          73        92           7.521  14.565  7.045 4.963  1.419  1.419         within noise
           W2_july (102 PA)                 popup rate (of BIP) rate          73        92           0.041   0.152  0.111 0.048  2.331  2.331           suggestive
           W2_july (102 PA)              hard-hit rate (of BIP) rate          73        92           0.466   0.315 -0.151 0.076 -1.977  1.977           suggestive
           W2_july (102 PA) fast-swing rate (of tracked swings) rate         194       210           0.232   0.152 -0.080 0.039 -2.035  2.035           suggestive
PHI 2023-25 norm (1,871 PA)     bat speed (mph, tracked swings) mean        2178       210          69.729  69.213 -0.516 0.572 -0.903  0.903         within noise
PHI 2023-25 norm (1,871 PA)    exit velocity (mph, tracked BIP) mean        1381        92          89.467  85.657 -3.811 1.582 -2.409  2.409           suggestive
PHI 2023-25 norm (1,871 PA)     launch angle (deg, tracked BIP) mean        1381        92          11.210  14.565  3.355 3.781  0.887  0.887         within noise
PHI 2023-25 norm (1,871 PA)                 popup rate (of BIP) rate        1382        92           0.050   0.152  0.102 0.025  4.119  4.119 clearly beyond noise
PHI 2023-25 norm (1,871 PA)              hard-hit rate (of BIP) rate        1382        92           0.418   0.315 -0.102 0.053 -1.931  1.931           suggestive
PHI 2023-25 norm (1,871 PA) fast-swing rate (of tracked swings) rate        2178       210           0.160   0.152 -0.007 0.026 -0.280  0.280         within noise

==============================================================================
DQ RECEIPTS
==============================================================================
  wrote dq_scorecard.csv  (25, 5)
                                               rule                                    measure   observed     expected status
                                    R-1 entity lock                        batter ids in frame          1            1   PASS
                           R-2 pitch-key uniqueness               duplicate (game_pk,ab,pitch)          0            0   PASS
                               R-3 game_type purity                   non-R rows in rate frame          0            0   PASS
                                R-4 season coverage                            seasons present         12           12   PASS
                                      R-5 freshness                              max game_date 2026-09-02 >=2026-09-01   PASS
                       R-6 xwOBA grain (uc-pps-028)    non-null pitch rows == non-null PA rows   601==601        equal   PASS
                          R-7 coordinate convention                 RHB pulled-GB median loc_x     -46.87          < 0   PASS
                            R-8 wOBA weights joined                    seasons missing weights          0            0   PASS
                R-9 completeness: events @ PA grain                     null events on PA rows          0            0   PASS
R-10 completeness: launch_speed @ tracked-BIP grain                   null LS rate on 2026 BIP        0.0        <0.02   PASS
                            R-11 completeness: zone                        null zone rate 2026     0.0018        <0.02   PASS
           R-12 completeness: hc_x/hc_y @ BIP grain                          untraced BIP 2026          0            0   PASS
                    R-13 sensor boundary: bat_speed             2023 tracked swings (expect 0)          0            0   PASS
                 R-14 sensor boundary: attack_angle    2024 non-null (expect 0 - later sensor)          0            0   PASS
               R-15 bat-tracking coverage stability                       min coverage 2024-26      0.912        >0.85   PASS
                                  R-16 O-8 exposure 2026 untracked BIP counted as not-hard-hit          0  report only   WARN
                              R-17 PA floor: window                        windows below 50 PA          0            0   PASS
                               R-18 PA floor: month                         months below 50 PA          2      flagged   WARN
                                R-19 era derivation                2021 shows both WSN and LAD          2            2   PASS
                     R-20 schema asymmetry declared              PHI-only cols absent pre-2023          0            0   PASS
                           R-21 parent reproduction                  parent figures reproduced      84/84        84/84   PASS
                              R-22 window partition                window PA sums to season PA        602          602   PASS
                             R-23 platoon partition                   L+R PA sums to season PA        602          602   PASS
                             R-25 D-7/O-13 exposure     in_zone_rate vs in_zone_rate_fix, 2026     0.0009  report only   WARN
                                    R-24 pool floor                      pool rows below 50 PA          0            0   PASS

DQ: 22 PASS / 3 WARN / 0 FAIL

==============================================================================
FIGURES
==============================================================================
  fig1 career
  fig2 trajectory + rolling form
  fig3 mechanism
  fig4 monthly
  fig5 platoon
  fig6 pitch groups

  wrote headlines.json  (30 top-level keys)

==============================================================================
BUILD COMPLETE
==============================================================================
